==================================================
1 & 4. DATA SPLIT & INPUT NORMALIZATION
==================================================
Dataset split (Sessions): Train=100, Val=22, Test=22
Dataset split (Windows): Train=63423, Val=30349, Test=11934

==================================================
2. VERIFY FEATURE PIPELINE
==================================================
Feature order: ['ACCELEROMETER X', 'ACCELEROMETER Y', 'ACCELEROMETER Z', 'GYROSCOPE Yaw/X', 'GYROSCOPE Pitch/Y', 'GYROSCOPE Roll/Z']
Normalization method: z-score
Mean: [-0.02356531471014023, -0.035605695098638535, 8.931497573852539, -0.00045977463014423847, -0.00045977463014423847, -2.3768070605001412e-05]
Std: [1.5991694927215576, 1.5171841382980347, 1.1583305597305298, 0.11366551369428635, 0.11366551369428635, 0.13197235763072968]
Input shape: torch.Size([256, 200, 6]) (Batch, Window, Channels)
Target shape: torch.Size([256, 2]) (Batch, [V_N, V_E])
Target units: m/s (Cartesian North, East)

==================================================
3. TRAINING
==================================================
[Trainer] Using device: mps
Training for 40 epochs...

============================================================
  Training: TCNVelocityEstimator
  Parameters: 5,400,322
  Device: mps
  Epochs: 40, LR: 0.001
============================================================

